src/app/history/page.tsx(10,3): error TS6133: 'ChevronRight' is declared but its value is never read.
src/app/history/page.tsx(15,3): error TS2305: Module '"lucide-react"' has no exported member 'Tool'.
src/app/history/page.tsx(15,3): error TS6133: 'Tool' is declared but its value is never read.
src/app/history/page.tsx(160,24): error TS2304: Cannot find name 'Link'.
src/app/history/page.tsx(160,125): error TS2304: Cannot find name 'Link'.
src/app/tasks/new/page.tsx(11,3): error TS6133: 'CheckCircle2' is declared but its value is never read.
src/app/tasks/new/page.tsx(12,3): error TS6133: 'Clock' is declared but its value is never read.
src/components/DashboardLayout.tsx(13,3): error TS6133: 'Settings' is declared but its value is never read.
src/components/DashboardLayout.tsx(17,3): error TS6133: 'PlusCircle' is declared but its value is never read.
src/server/routes/cron.ts(166,49): error TS6133: 'timezone' is declared but its value is never read.
src/server/services/cron.ts(166,49): error TS6133: 'timezone' is declared but its value is never read.
